// Jest Snapshot v1, https://goo.gl/fbAQLP

exports[`renders correctly 1`] = `
<div
  className="create-event-form columns is-8"
>
  <div
    className="column"
  >
    <h1>
      Kelmarna Gardens
    </h1>
    <h3>
      Create new event
    </h3>
    <form
      onSubmit={[Function]}
    >
      <h5>
        Event Title
      </h5>
      <input
        className="input is-normal"
        name="title"
        onChange={[Function]}
        placeholder="event title"
        type="text"
        value=""
      />
      <h5>
        Date
      </h5>
      <input
        className="input is-normal"
        name="date"
        onChange={[Function]}
        placeholder="date and time"
        type="datetime-local"
        value=""
      />
      <h5>
        Volunteers Needed
      </h5>
      <input
        className="input is-normal"
        name="volunteers"
        onChange={[Function]}
        placeholder="number of volunteers needed"
        type="number"
        value={0}
      />
      <h5>
        Event Description
      </h5>
      <textarea
        className="textarea is-normal"
        name="description"
        onChange={[Function]}
        placeholder="event description"
        value=""
      />
      <button
        className="button my-4 is-primary"
      >
        Add Event
      </button>
    </form>
  </div>
  <div
    className="event-preview column"
  >
    <h1>
      Event Preview
    </h1>
    <div
      className="box"
    >
      <p>
        Weeds worker bee
      </p>
      <p>
        Date
      </p>
      <p>
        volunteers
      </p>
      <p>
        Description here...
      </p>
    </div>
  </div>
</div>
`;
