// Jest Snapshot v1, https://goo.gl/fbAQLP

exports[`renders a start shopping message when cart is empty 1`] = `
<DocumentFragment>
  <p>
    Your cart is empty! Start shopping 
    <a
      href="/"
    >
      here
    </a>
  </p>
</DocumentFragment>
`;

exports[`renders cart when in props 1`] = `
<DocumentFragment>
  <div
    class="cart"
  >
    <table>
      <thead>
        <tr>
          <td
            role="columnheader"
          >
            Product
          </td>
          <td
            role="columnheader"
          >
            Quantity
          </td>
          <td
            role="columnheader"
          >
            Remove
          </td>
        </tr>
      </thead>
      <tbody>
        <tr>
          <td>
            mocked cart item 1
          </td>
          <td>
            <input
              class="update-input"
              value="4"
            />
          </td>
          <td>
            <button>
              <span
                class="fa fa-trash fa-2x"
              />
            </button>
          </td>
        </tr>
        <tr>
          <td>
            mocked cart item 2
          </td>
          <td>
            <input
              class="update-input"
              value="2"
            />
          </td>
          <td>
            <button>
              <span
                class="fa fa-trash fa-2x"
              />
            </button>
          </td>
        </tr>
        <tr>
          <td>
            mocked cart item 3
          </td>
          <td>
            <input
              class="update-input"
              value="7"
            />
          </td>
          <td>
            <button>
              <span
                class="fa fa-trash fa-2x"
              />
            </button>
          </td>
        </tr>
      </tbody>
    </table>
    <p
      class="actions"
    >
      <a
        href="/"
      >
        Continue shopping
      </a>
      <span>
        mock child fragment
        <button
          class="button-primary"
        >
          Place Order
        </button>
      </span>
    </p>
  </div>
</DocumentFragment>
`;
