// Jest Snapshot v1, https://goo.gl/fbAQLP

exports[`renders correctly 1`] = `
Array [
  <div
    className="column"
  >
    <h3>
      Kelmarna Gardens
    </h3>
    <p
      className="mb-4"
    >
      Kelmarna Gardens is a city farm and organic community garden, situated on 4.5 acres of council land in Ponsonby, close to the heart of Auckland City.
    </p>
    <a
      className="word-wrap"
      href="http://www.kelmarnagardens.nz/"
    >
      http://www.kelmarnagardens.nz/
    </a>
    <div
      className="m-6"
    >
      <h2
        className="my-4 is-pulled-left"
      >
        Events
      </h2>
      <a
        className="button my-4 is-primary is-pulled-right"
        href="#/events/new"
        onClick={[Function]}
      >
        Add new event
      </a>
      <div
        className="box clearfix"
      >
        <div>
          <h4
            className="is-pulled-left"
          >
            Weeds worker bee
          </h4>
          <a
            className="button is-primary is-pulled-right"
            href="#/events/4/edit"
            onClick={[Function]}
          >
            Edit Event
          </a>
          <p
            className="clearfix"
          >
            28/09/2020 8.00 am
          </p>
          <p>
            8
             volunteers needed
          </p>
          <p>
            We need to weed the upper planting beds
          </p>
        </div>
      </div>
    </div>
  </div>,
  <div
    className="column mapContainer"
  >
    <div
      id="mapid"
    />
    <p>
      12 Hukanui Crescent
    </p>
  </div>,
]
`;
