// Jest Snapshot v1, https://goo.gl/fbAQLP

exports[`renders a list of products correctly 1`] = `
<DocumentFragment>
  <div
    class="productlist"
  >
    <div
      class="welcome"
    >
      <p>
        Welcome! Please choose from our delicious selection and don't hesitate to let us know if we can answer any of your questions.
      </p>
    </div>
    mock child component
    <div
      class="product"
    >
      <p
        class="name"
      >
        mocked product 1
      </p>
      <p
        class="description"
      >
        snazzy product
      </p>
      <p>
        <span
          class="country"
        >
          Lovingly made in testlandia
        </span>
        <button
          class="cart-link"
        >
          Add to cart
        </button>
      </p>
    </div>
    <div
      class="product"
    >
      <p
        class="name"
      >
        mocked product 2
      </p>
      <p
        class="description"
      >
        snazzier product
      </p>
      <p>
        <span
          class="country"
        >
          Lovingly made in testlandia
        </span>
        <button
          class="cart-link"
        >
          Add to cart
        </button>
      </p>
    </div>
    <div
      class="product"
    >
      <p
        class="name"
      >
        mocked product 3
      </p>
      <p
        class="description"
      >
        snazziest product
      </p>
      <p>
        <span
          class="country"
        >
          Lovingly made in testlandia
        </span>
        <button
          class="cart-link"
        >
          Add to cart
        </button>
      </p>
    </div>
  </div>
</DocumentFragment>
`;
