// Jest Snapshot v1, https://goo.gl/fbAQLP

exports[`Register Renders renders correctly 1`] = `
<div
  className="registerContainer container"
>
  <div
    className="leftRegister"
  >
    <div
      className="registerTitle"
    >
      <h1>
        Register
      </h1>
    </div>
    <label
      className="label"
    >
      Username
    </label>
    <input
      className="input"
      onChange={[Function]}
      placeholder="username"
      type="username"
      value=""
    />
    <label
      className="label"
    >
      Password
    </label>
    <input
      className="input"
      onChange={[Function]}
      placeholder="password"
      type="password"
      value=""
    />
    <label
      className="label"
    >
      My Garden
    </label>
    <select
      className="select"
      id="name"
      name="garden"
      onChange={[Function]}
    >
      <option
        hidden={true}
      >
        Select from this list
      </option>
      <option
        value="1"
      >
        Kelmarna Gardens
      </option>
      <option
        value="2"
      >
        Kingsland Community Orchard
      </option>
      <option
        value="3"
      >
        Devonport Community Garden
      </option>
    </select>
    <button
      className="button is-primary"
      data-testid="submitButton"
      onClick={[Function]}
      type="button"
    >
      Register
    </button>
  </div>
  <div
    className="rightRegister"
  >
    <img
      alt=""
      src="./images/comGardenPlant.png"
      style={
        Object {
          "height": "500px",
          "width": "600px",
        }
      }
    />
  </div>
</div>
`;
